// Jest Snapshot v1, https://goo.gl/fbAQLP

exports[`RoundButton snapShot 1`] = `null`;
